Submitting all PyORBIT jobs...
================================
Submitting: run_DS1_1p_2activity_indi.sh
   Job ID: 26259778
Submitting: run_DS1_1p_4activity_indi.sh
   Job ID: 26259779
Submitting: run_DS1_1p_5activity_indi.sh
   Job ID: 26259780
Submitting: run_DS1_1p_CCFs.sh
   Job ID: 26259781
Submitting: run_DS1_1p_white_noise.sh
   Job ID: 26259783
Submitting: run_DS1_2p_2activity_indi.sh
   Job ID: 26259784
Submitting: run_DS1_2p_4activity_indi.sh
   Job ID: 26259785
Submitting: run_DS1_2p_5activity_indi.sh
   Job ID: 26259786
Submitting: run_DS1_2p_CCFs.sh
   Job ID: 26259787
Submitting: run_DS1_2p_white_noise.sh
   Job ID: 26259788
Submitting: run_DS1_3p_2activity_indi.sh
   Job ID: 26259789
Submitting: run_DS1_3p_4activity_indi.sh
   Job ID: 26259790
Submitting: run_DS1_3p_5activity_indi.sh
   Job ID: 26259791
Submitting: run_DS1_3p_CCFs.sh
   Job ID: 26259792
Submitting: run_DS1_3p_white_noise.sh
   Job ID: 26259813
Submitting: run_DS2_1p_2activity_indi.sh
   Job ID: 26259814
Submitting: run_DS2_1p_4activity_indi.sh
   Job ID: 26259815
Submitting: run_DS2_1p_5activity_indi.sh
   Job ID: 26259816
Submitting: run_DS2_1p_CCFs.sh
   Job ID: 26259817
Submitting: run_DS2_1p_white_noise.sh
   Job ID: 26259818
Submitting: run_DS2_2p_2activity_indi.sh
   Job ID: 26259819
Submitting: run_DS2_2p_4activity_indi.sh
   Job ID: 26259820
Submitting: run_DS2_2p_5activity_indi.sh
   Job ID: 26259821
Submitting: run_DS2_2p_CCFs.sh
   Job ID: 26259822
Submitting: run_DS2_2p_white_noise.sh
   Job ID: 26259823
Submitting: run_DS2_3p_2activity_indi.sh
   Job ID: 26259824
Submitting: run_DS2_3p_4activity_indi.sh
   Job ID: 26259827
Submitting: run_DS2_3p_5activity_indi.sh
   Job ID: 26259828
Submitting: run_DS2_3p_CCFs.sh
   Job ID: 26259829
Submitting: run_DS2_3p_white_noise.sh
   Job ID: 26259830
Submitting: run_DS3_1p_2activity_indi.sh
   Job ID: 26259831
Submitting: run_DS3_1p_4activity_indi.sh
   Job ID: 26259832
Submitting: run_DS3_1p_5activity_indi.sh
   Job ID: 26259833
Submitting: run_DS3_1p_CCFs.sh
   Job ID: 26259834
Submitting: run_DS3_1p_white_noise.sh
   Job ID: 26259835
Submitting: run_DS3_2p_2activity_indi.sh
   Job ID: 26259836
Submitting: run_DS3_2p_4activity_indi.sh
   Job ID: 26259837
Submitting: run_DS3_2p_5activity_indi.sh
   Job ID: 26259838
Submitting: run_DS3_2p_CCFs.sh
   Job ID: 26259839
Submitting: run_DS3_2p_white_noise.sh
   Job ID: 26259840
Submitting: run_DS3_3p_2activity_indi.sh
   Job ID: 26259841
Submitting: run_DS3_3p_4activity_indi.sh
   Job ID: 26259842
Submitting: run_DS3_3p_5activity_indi.sh
   Job ID: 26259843
Submitting: run_DS3_3p_CCFs.sh
LSF is processing your request. Please wait ...
   Job ID: 26259844
Submitting: run_DS3_3p_white_noise.sh
   Job ID: 26259845
Submitting: run_DS4_1p_2activity_indi.sh
   Job ID: 26259846
Submitting: run_DS4_1p_4activity_indi.sh
   Job ID: 26259847
Submitting: run_DS4_1p_5activity_indi.sh
   Job ID: 26259848
Submitting: run_DS4_1p_CCFs.sh
   Job ID: 26259849
Submitting: run_DS4_1p_white_noise.sh
   Job ID: 26259850
Submitting: run_DS4_2p_2activity_indi.sh
   Job ID: 26259851
Submitting: run_DS4_2p_4activity_indi.sh
   Job ID: 26259852
Submitting: run_DS4_2p_5activity_indi.sh
   Job ID: 26259853
Submitting: run_DS4_2p_CCFs.sh
   Job ID: 26259854
Submitting: run_DS4_2p_white_noise.sh
   Job ID: 26259855
Submitting: run_DS4_3p_2activity_indi.sh
   Job ID: 26259856
Submitting: run_DS4_3p_4activity_indi.sh
   Job ID: 26259857
Submitting: run_DS4_3p_5activity_indi.sh
   Job ID: 26259858
Submitting: run_DS4_3p_CCFs.sh
   Job ID: 26259859
Submitting: run_DS4_3p_white_noise.sh
   Job ID: 26259860
Submitting: run_DS5_1p_2activity_indi.sh
   Job ID: 26259861
Submitting: run_DS5_1p_4activity_indi.sh
   Job ID: 26259862
Submitting: run_DS5_1p_5activity_indi.sh
   Job ID: 26259863
Submitting: run_DS5_1p_CCFs.sh
   Job ID: 26259864
Submitting: run_DS5_1p_white_noise.sh
   Job ID: 26259865
Submitting: run_DS5_2p_2activity_indi.sh
   Job ID: 26259868
Submitting: run_DS5_2p_4activity_indi.sh
   Job ID: 26259869
Submitting: run_DS5_2p_5activity_indi.sh
   Job ID: 26259870
Submitting: run_DS5_2p_CCFs.sh
   Job ID: 26259871
Submitting: run_DS5_2p_white_noise.sh
   Job ID: 26259872
Submitting: run_DS5_3p_2activity_indi.sh
   Job ID: 26259873
Submitting: run_DS5_3p_4activity_indi.sh
   Job ID: 26259874
Submitting: run_DS5_3p_5activity_indi.sh
   Job ID: 26259875
Submitting: run_DS5_3p_CCFs.sh
   Job ID: 26259876
Submitting: run_DS5_3p_white_noise.sh
   Job ID: 26259877
Submitting: run_DS6_1p_2activity_indi.sh
   Job ID: 26259878
Submitting: run_DS6_1p_4activity_indi.sh
   Job ID: 26259879
Submitting: run_DS6_1p_5activity_indi.sh
   Job ID: 26259880
Submitting: run_DS6_1p_CCFs.sh
   Job ID: 26259881
Submitting: run_DS6_1p_white_noise.sh
   Job ID: 26259882
Submitting: run_DS6_2p_2activity_indi.sh
   Job ID: 26259883
Submitting: run_DS6_2p_4activity_indi.sh
   Job ID: 26259884
Submitting: run_DS6_2p_5activity_indi.sh
   Job ID: 26259885
Submitting: run_DS6_2p_CCFs.sh
   Job ID: 26259886
Submitting: run_DS6_2p_white_noise.sh
   Job ID: 26259887
Submitting: run_DS6_3p_2activity_indi.sh
   Job ID: 26259890
Submitting: run_DS6_3p_4activity_indi.sh
   Job ID: 26259898
Submitting: run_DS6_3p_5activity_indi.sh
   Job ID: 26259906
Submitting: run_DS6_3p_CCFs.sh
   Job ID: 26259911
Submitting: run_DS6_3p_white_noise.sh
   Job ID: 26259919
Submitting: run_DS7_1p_2activity_indi.sh
   Job ID: 26259927
Submitting: run_DS7_1p_4activity_indi.sh
   Job ID: 26259935
Submitting: run_DS7_1p_5activity_indi.sh
   Job ID: 26259942
Submitting: run_DS7_1p_CCFs.sh
   Job ID: 26259949
Submitting: run_DS7_1p_white_noise.sh
   Job ID: 26259957
Submitting: run_DS7_2p_2activity_indi.sh
   Job ID: 26259965
Submitting: run_DS7_2p_4activity_indi.sh
   Job ID: 26259971
Submitting: run_DS7_2p_5activity_indi.sh
   Job ID: 26259979
Submitting: run_DS7_2p_CCFs.sh
   Job ID: 26259986
Submitting: run_DS7_2p_white_noise.sh
   Job ID: 26259994
Submitting: run_DS7_3p_2activity_indi.sh
   Job ID: 26260000
Submitting: run_DS7_3p_4activity_indi.sh
   Job ID: 26260008
Submitting: run_DS7_3p_5activity_indi.sh
   Job ID: 26260016
Submitting: run_DS7_3p_CCFs.sh
   Job ID: 26260024
Submitting: run_DS7_3p_white_noise.sh
   Job ID: 26260030
Submitting: run_DS8_1p_2activity_indi.sh
   Job ID: 26260037
Submitting: run_DS8_1p_4activity_indi.sh
   Job ID: 26260045
Submitting: run_DS8_1p_5activity_indi.sh
   Job ID: 26260053
Submitting: run_DS8_1p_CCFs.sh
   Job ID: 26260060
Submitting: run_DS8_1p_white_noise.sh
   Job ID: 26260067
Submitting: run_DS8_2p_2activity_indi.sh
   Job ID: 26260075
Submitting: run_DS8_2p_4activity_indi.sh
   Job ID: 26260083
Submitting: run_DS8_2p_5activity_indi.sh
   Job ID: 26260092
Submitting: run_DS8_2p_CCFs.sh
   Job ID: 26260099
Submitting: run_DS8_2p_white_noise.sh
   Job ID: 26260107
Submitting: run_DS8_3p_2activity_indi.sh
   Job ID: 26260114
Submitting: run_DS8_3p_4activity_indi.sh
   Job ID: 26260122
Submitting: run_DS8_3p_5activity_indi.sh
   Job ID: 26260129
Submitting: run_DS8_3p_CCFs.sh
   Job ID: 26260137
Submitting: run_DS8_3p_white_noise.sh
   Job ID: 26260142
Submitting: run_DS9_1p_2activity_indi.sh
   Job ID: 26260150
Submitting: run_DS9_1p_4activity_indi.sh
   Job ID: 26260158
Submitting: run_DS9_1p_5activity_indi.sh
   Job ID: 26260166
Submitting: run_DS9_1p_CCFs.sh
   Job ID: 26260172
Submitting: run_DS9_1p_white_noise.sh
   Job ID: 26260179
Submitting: run_DS9_2p_2activity_indi.sh
   Job ID: 26260187
Submitting: run_DS9_2p_4activity_indi.sh
   Job ID: 26260196
Submitting: run_DS9_2p_5activity_indi.sh
   Job ID: 26260202
Submitting: run_DS9_2p_CCFs.sh
   Job ID: 26260210
Submitting: run_DS9_2p_white_noise.sh
   Job ID: 26260217
Submitting: run_DS9_3p_2activity_indi.sh
   Job ID: 26260224
Submitting: run_DS9_3p_4activity_indi.sh
   Job ID: 26260232
Submitting: run_DS9_3p_5activity_indi.sh
   Job ID: 26260239
Submitting: run_DS9_3p_CCFs.sh
   Job ID: 26260247
Submitting: run_DS9_3p_white_noise.sh
   Job ID: 26260253

Summary: 135 jobs submitted
Job IDs: 26259778 26259779 26259780 26259781 26259783 26259784 26259785 26259786 26259787 26259788 26259789 26259790 26259791 26259792 26259813 26259814 26259815 26259816 26259817 26259818 26259819 26259820 26259821 26259822 26259823 26259824 26259827 26259828 26259829 26259830 26259831 26259832 26259833 26259834 26259835 26259836 26259837 26259838 26259839 26259840 26259841 26259842 26259843 26259844 26259845 26259846 26259847 26259848 26259849 26259850 26259851 26259852 26259853 26259854 26259855 26259856 26259857 26259858 26259859 26259860 26259861 26259862 26259863 26259864 26259865 26259868 26259869 26259870 26259871 26259872 26259873 26259874 26259875 26259876 26259877 26259878 26259879 26259880 26259881 26259882 26259883 26259884 26259885 26259886 26259887 26259890 26259898 26259906 26259911 26259919 26259927 26259935 26259942 26259949 26259957 26259965 26259971 26259979 26259986 26259994 26260000 26260008 26260016 26260024 26260030 26260037 26260045 26260053 26260060 26260067 26260075 26260083 26260092 26260099 26260107 26260114 26260122 26260129 26260137 26260142 26260150 26260158 26260166 26260172 26260179 26260187 26260196 26260202 26260210 26260217 26260224 26260232 26260239 26260247 26260253

Monitor with: ./monitor_jobs.sh

------------------------------------------------------------
Sender: LSF System <lsfadmin@hpc.dtu.dk>
Subject: Job 26259777: <NONAME> in cluster <dcc> Done

Job <NONAME> was submitted from host <n-62-27-18> by user <icogo> in cluster <dcc> at Thu Sep 25 18:37:20 2025
Job was executed on host(s) <n-62-28-28>, in queue <hpc>, as user <icogo> in cluster <dcc> at Thu Sep 25 18:37:22 2025
</zhome/0c/9/203187> was used as the home directory.
</work2/lbuc/iara/GitHub/PyORBIT_examples/ESSP4/scripts> was used as the working directory.
Started at Thu Sep 25 18:37:22 2025
Terminated at Thu Sep 25 18:40:26 2025
Results reported at Thu Sep 25 18:40:26 2025

Your job looked like:

------------------------------------------------------------
# LSBATCH: User input
#!/bin/bash

echo "Submitting all PyORBIT jobs..."
echo "================================"

job_count=0
submitted_jobs=()

for script in run_*.sh; do
    if [ -f "$script" ]; then
        echo "Submitting: $script"
        job_id=$(bsub < "$script" | grep -oE '[0-9]+')
        if [ $? -eq 0 ]; then
            submitted_jobs+=("$job_id")
            ((job_count++))
            echo "   Job ID: $job_id"
        else
            echo "   Failed to submit: $script"
        fi
        sleep 1  # Small delay between submissions
    fi
done

echo ""
echo "Summary: $job_count jobs submitted"
echo "Job IDs: ${submitted_jobs[*]}"
echo ""
echo "Monitor with: ./monitor_jobs.sh"

------------------------------------------------------------

Successfully completed.

Resource usage summary:

    CPU time :                                   23.27 sec.
    Max Memory :                                 11 MB
    Average Memory :                             6.50 MB
    Total Requested Memory :                     1024.00 MB
    Delta Memory :                               1013.00 MB
    Max Swap :                                   -
    Max Processes :                              6
    Max Threads :                                7
    Run time :                                   263 sec.
    Turnaround time :                            186 sec.

The output (if any) is above this job summary.

