Submitting all PyORBIT jobs...
================================
Submitting: run_DS1_1p_2activity_indi.sh
   Job ID: 26259896
Submitting: run_DS1_1p_4activity_indi.sh
   Job ID: 26259904
Submitting: run_DS1_1p_5activity_indi.sh
   Job ID: 26259910
Submitting: run_DS1_1p_CCFs.sh
   Job ID: 26259917
Submitting: run_DS1_1p_white_noise.sh
   Job ID: 26259925
Submitting: run_DS1_2p_2activity_indi.sh
   Job ID: 26259933
Submitting: run_DS1_2p_4activity_indi.sh
   Job ID: 26259940
Submitting: run_DS1_2p_5activity_indi.sh
   Job ID: 26259948
Submitting: run_DS1_2p_CCFs.sh
   Job ID: 26259955
Submitting: run_DS1_2p_white_noise.sh
   Job ID: 26259963
Submitting: run_DS1_3p_2activity_indi.sh
   Job ID: 26259969
Submitting: run_DS1_3p_4activity_indi.sh
   Job ID: 26259977
Submitting: run_DS1_3p_5activity_indi.sh
   Job ID: 26259984
Submitting: run_DS1_3p_CCFs.sh
   Job ID: 26259992
Submitting: run_DS1_3p_white_noise.sh
   Job ID: 26259998
Submitting: run_DS2_1p_2activity_indi.sh
   Job ID: 26260005
Submitting: run_DS2_1p_4activity_indi.sh
   Job ID: 26260013
Submitting: run_DS2_1p_5activity_indi.sh
   Job ID: 26260021
Submitting: run_DS2_1p_CCFs.sh
   Job ID: 26260027
Submitting: run_DS2_1p_white_noise.sh
   Job ID: 26260035
Submitting: run_DS2_2p_2activity_indi.sh
   Job ID: 26260042
Submitting: run_DS2_2p_4activity_indi.sh
   Job ID: 26260050
Submitting: run_DS2_2p_5activity_indi.sh
   Job ID: 26260056
Submitting: run_DS2_2p_CCFs.sh
   Job ID: 26260064
Submitting: run_DS2_2p_white_noise.sh
   Job ID: 26260071
Submitting: run_DS2_3p_2activity_indi.sh
   Job ID: 26260079
Submitting: run_DS2_3p_4activity_indi.sh
   Job ID: 26260085
Submitting: run_DS2_3p_5activity_indi.sh
   Job ID: 26260094
Submitting: run_DS2_3p_CCFs.sh
   Job ID: 26260101
Submitting: run_DS2_3p_white_noise.sh
   Job ID: 26260109
Submitting: run_DS3_1p_2activity_indi.sh
   Job ID: 26260116
Submitting: run_DS3_1p_4activity_indi.sh
   Job ID: 26260123
Submitting: run_DS3_1p_5activity_indi.sh
   Job ID: 26260131
Submitting: run_DS3_1p_CCFs.sh
   Job ID: 26260138
Submitting: run_DS3_1p_white_noise.sh
   Job ID: 26260143
Submitting: run_DS3_2p_2activity_indi.sh
   Job ID: 26260149
Submitting: run_DS3_2p_4activity_indi.sh
   Job ID: 26260157
Submitting: run_DS3_2p_5activity_indi.sh
   Job ID: 26260165
Submitting: run_DS3_2p_CCFs.sh
   Job ID: 26260171
Submitting: run_DS3_2p_white_noise.sh
   Job ID: 26260178
Submitting: run_DS3_3p_2activity_indi.sh
   Job ID: 26260186
Submitting: run_DS3_3p_4activity_indi.sh
   Job ID: 26260194
Submitting: run_DS3_3p_5activity_indi.sh
   Job ID: 26260199
Submitting: run_DS3_3p_CCFs.sh
   Job ID: 26260207
Submitting: run_DS3_3p_white_noise.sh
   Job ID: 26260214
Submitting: run_DS4_1p_2activity_indi.sh
   Job ID: 26260222
Submitting: run_DS4_1p_4activity_indi.sh
   Job ID: 26260229
Submitting: run_DS4_1p_5activity_indi.sh
   Job ID: 26260236
Submitting: run_DS4_1p_CCFs.sh
   Job ID: 26260244
Submitting: run_DS4_1p_white_noise.sh
   Job ID: 26260251
Submitting: run_DS4_2p_2activity_indi.sh
   Job ID: 26260257
Submitting: run_DS4_2p_4activity_indi.sh
   Job ID: 26260263
Submitting: run_DS4_2p_5activity_indi.sh
   Job ID: 26260270
Submitting: run_DS4_2p_CCFs.sh
   Job ID: 26260277
Submitting: run_DS4_2p_white_noise.sh
   Job ID: 26260284
Submitting: run_DS4_3p_2activity_indi.sh
   Job ID: 26260290
Submitting: run_DS4_3p_4activity_indi.sh
   Job ID: 26260297
Submitting: run_DS4_3p_5activity_indi.sh
   Job ID: 26260302
Submitting: run_DS4_3p_CCFs.sh
   Job ID: 26260309
Submitting: run_DS4_3p_white_noise.sh
   Job ID: 26260315
Submitting: run_DS5_1p_2activity_indi.sh
   Job ID: 26260322
Submitting: run_DS5_1p_4activity_indi.sh
   Job ID: 26260327
Submitting: run_DS5_1p_5activity_indi.sh
   Job ID: 26260334
Submitting: run_DS5_1p_CCFs.sh
   Job ID: 26260341
Submitting: run_DS5_1p_white_noise.sh
   Job ID: 26260348
Submitting: run_DS5_2p_2activity_indi.sh
   Job ID: 26260353
Submitting: run_DS5_2p_4activity_indi.sh
   Job ID: 26260359
Submitting: run_DS5_2p_5activity_indi.sh
   Job ID: 26260366
Submitting: run_DS5_2p_CCFs.sh
   Job ID: 26260371
Submitting: run_DS5_2p_white_noise.sh
   Job ID: 26260372
Submitting: run_DS5_3p_2activity_indi.sh
   Job ID: 26260373
Submitting: run_DS5_3p_4activity_indi.sh
   Job ID: 26260375
Submitting: run_DS5_3p_5activity_indi.sh
   Job ID: 26260376
Submitting: run_DS5_3p_CCFs.sh
   Job ID: 26260377
Submitting: run_DS5_3p_white_noise.sh
   Job ID: 26260380
Submitting: run_DS6_1p_2activity_indi.sh
   Job ID: 26260381
Submitting: run_DS6_1p_4activity_indi.sh
   Job ID: 26260382
Submitting: run_DS6_1p_5activity_indi.sh
   Job ID: 26260383
Submitting: run_DS6_1p_CCFs.sh
   Job ID: 26260384
Submitting: run_DS6_1p_white_noise.sh
   Job ID: 26260385
Submitting: run_DS6_2p_2activity_indi.sh
   Job ID: 26260386
Submitting: run_DS6_2p_4activity_indi.sh
   Job ID: 26260387
Submitting: run_DS6_2p_5activity_indi.sh
   Job ID: 26260388
Submitting: run_DS6_2p_CCFs.sh
   Job ID: 26260389
Submitting: run_DS6_2p_white_noise.sh
   Job ID: 26260390
Submitting: run_DS6_3p_2activity_indi.sh
   Job ID: 26260391
Submitting: run_DS6_3p_4activity_indi.sh
   Job ID: 26260392
Submitting: run_DS6_3p_5activity_indi.sh
   Job ID: 26260394
Submitting: run_DS6_3p_CCFs.sh
   Job ID: 26260395
Submitting: run_DS6_3p_white_noise.sh
   Job ID: 26260396
Submitting: run_DS7_1p_2activity_indi.sh
   Job ID: 26260397
Submitting: run_DS7_1p_4activity_indi.sh
   Job ID: 26260398
Submitting: run_DS7_1p_5activity_indi.sh
   Job ID: 26260399
Submitting: run_DS7_1p_CCFs.sh
   Job ID: 26260400
Submitting: run_DS7_1p_white_noise.sh
   Job ID: 26260401
Submitting: run_DS7_2p_2activity_indi.sh
   Job ID: 26260402
Submitting: run_DS7_2p_4activity_indi.sh
   Job ID: 26260403
Submitting: run_DS7_2p_5activity_indi.sh
   Job ID: 26260404
Submitting: run_DS7_2p_CCFs.sh
   Job ID: 26260405
Submitting: run_DS7_2p_white_noise.sh
   Job ID: 26260406
Submitting: run_DS7_3p_2activity_indi.sh
   Job ID: 26260407
Submitting: run_DS7_3p_4activity_indi.sh
   Job ID: 26260408
Submitting: run_DS7_3p_5activity_indi.sh
   Job ID: 26260409
Submitting: run_DS7_3p_CCFs.sh
   Job ID: 26260410
Submitting: run_DS7_3p_white_noise.sh
   Job ID: 26260411
Submitting: run_DS8_1p_2activity_indi.sh
   Job ID: 26260412
Submitting: run_DS8_1p_4activity_indi.sh
   Job ID: 26260413
Submitting: run_DS8_1p_5activity_indi.sh
   Job ID: 26260414
Submitting: run_DS8_1p_CCFs.sh
   Job ID: 26260415
Submitting: run_DS8_1p_white_noise.sh
   Job ID: 26260416
Submitting: run_DS8_2p_2activity_indi.sh
   Job ID: 26260417
Submitting: run_DS8_2p_4activity_indi.sh
   Job ID: 26260418
Submitting: run_DS8_2p_5activity_indi.sh
   Job ID: 26260419
Submitting: run_DS8_2p_CCFs.sh
   Job ID: 26260420
Submitting: run_DS8_2p_white_noise.sh
   Job ID: 26260421
Submitting: run_DS8_3p_2activity_indi.sh
   Job ID: 26260422
Submitting: run_DS8_3p_4activity_indi.sh
   Job ID: 26260425
Submitting: run_DS8_3p_5activity_indi.sh
   Job ID: 26260428
Submitting: run_DS8_3p_CCFs.sh
   Job ID: 26260429
Submitting: run_DS8_3p_white_noise.sh
   Job ID: 26260430
Submitting: run_DS9_1p_2activity_indi.sh
   Job ID: 26260439
Submitting: run_DS9_1p_4activity_indi.sh
   Job ID: 26260440
Submitting: run_DS9_1p_5activity_indi.sh
   Job ID: 26260441
Submitting: run_DS9_1p_CCFs.sh
   Job ID: 26260442
Submitting: run_DS9_1p_white_noise.sh
   Job ID: 26260443
Submitting: run_DS9_2p_2activity_indi.sh
   Job ID: 26260444
Submitting: run_DS9_2p_4activity_indi.sh
   Job ID: 26260445
Submitting: run_DS9_2p_5activity_indi.sh
   Job ID: 26260446
Submitting: run_DS9_2p_CCFs.sh
   Job ID: 26260447
Submitting: run_DS9_2p_white_noise.sh
   Job ID: 26260448
Submitting: run_DS9_3p_2activity_indi.sh
   Job ID: 26260449
Submitting: run_DS9_3p_4activity_indi.sh
   Job ID: 26260450
Submitting: run_DS9_3p_5activity_indi.sh
   Job ID: 26260451
Submitting: run_DS9_3p_CCFs.sh
   Job ID: 26260452
Submitting: run_DS9_3p_white_noise.sh
   Job ID: 26260453

Summary: 135 jobs submitted
Job IDs: 26259896 26259904 26259910 26259917 26259925 26259933 26259940 26259948 26259955 26259963 26259969 26259977 26259984 26259992 26259998 26260005 26260013 26260021 26260027 26260035 26260042 26260050 26260056 26260064 26260071 26260079 26260085 26260094 26260101 26260109 26260116 26260123 26260131 26260138 26260143 26260149 26260157 26260165 26260171 26260178 26260186 26260194 26260199 26260207 26260214 26260222 26260229 26260236 26260244 26260251 26260257 26260263 26260270 26260277 26260284 26260290 26260297 26260302 26260309 26260315 26260322 26260327 26260334 26260341 26260348 26260353 26260359 26260366 26260371 26260372 26260373 26260375 26260376 26260377 26260380 26260381 26260382 26260383 26260384 26260385 26260386 26260387 26260388 26260389 26260390 26260391 26260392 26260394 26260395 26260396 26260397 26260398 26260399 26260400 26260401 26260402 26260403 26260404 26260405 26260406 26260407 26260408 26260409 26260410 26260411 26260412 26260413 26260414 26260415 26260416 26260417 26260418 26260419 26260420 26260421 26260422 26260425 26260428 26260429 26260430 26260439 26260440 26260441 26260442 26260443 26260444 26260445 26260446 26260447 26260448 26260449 26260450 26260451 26260452 26260453

Monitor with: ./monitor_jobs.sh

------------------------------------------------------------
Sender: LSF System <lsfadmin@hpc.dtu.dk>
Subject: Job 26259888: <NONAME> in cluster <dcc> Done

Job <NONAME> was submitted from host <n-62-27-18> by user <icogo> in cluster <dcc> at Thu Sep 25 18:39:20 2025
Job was executed on host(s) <n-62-28-31>, in queue <hpc>, as user <icogo> in cluster <dcc> at Thu Sep 25 18:39:21 2025
</zhome/0c/9/203187> was used as the home directory.
</work2/lbuc/iara/GitHub/PyORBIT_examples/ESSP4/scripts> was used as the working directory.
Started at Thu Sep 25 18:39:21 2025
Terminated at Thu Sep 25 18:42:16 2025
Results reported at Thu Sep 25 18:42:16 2025

Your job looked like:

------------------------------------------------------------
# LSBATCH: User input
#!/bin/bash

echo "Submitting all PyORBIT jobs..."
echo "================================"

job_count=0
submitted_jobs=()

for script in run_*.sh; do
    if [ -f "$script" ]; then
        echo "Submitting: $script"
        job_id=$(bsub < "$script" | grep -oE '[0-9]+')
        if [ $? -eq 0 ]; then
            submitted_jobs+=("$job_id")
            ((job_count++))
            echo "   Job ID: $job_id"
        else
            echo "   Failed to submit: $script"
        fi
        sleep 1  # Small delay between submissions
    fi
done

echo ""
echo "Summary: $job_count jobs submitted"
echo "Job IDs: ${submitted_jobs[*]}"
echo ""
echo "Monitor with: ./monitor_jobs.sh"

------------------------------------------------------------

Successfully completed.

Resource usage summary:

    CPU time :                                   22.93 sec.
    Max Memory :                                 18 MB
    Average Memory :                             7.50 MB
    Total Requested Memory :                     1024.00 MB
    Delta Memory :                               1006.00 MB
    Max Swap :                                   -
    Max Processes :                              11
    Max Threads :                                12
    Run time :                                   216 sec.
    Turnaround time :                            176 sec.

The output (if any) is above this job summary.

